    21 TEST-FILE                                                                                |
    23 TEST-FILE                                                                                |
    24 TEST-FILE                                                                                |
    25 TEST-FILE                                        DEF                                     |
    26 TEST-FILE                                                                                |
