OPEN STATUS:0/48
READ NEXT STATUS:0/48
DATA:SEQ01     -
READ NEXT STATUS:0/48
DATA:SEQ02     -
READ NEXT STATUS:0/48
DATA:SEQ03     -
READ NEXT STATUS:0/48
DATA:SEQ04     -
READ NEXT STATUS:0/48
DATA:SEQ05     -
READ NEXT STATUS:1/48
DATA:          -
CLOSE STATUS:0/48
OPEN STATUS:0/48
READ NEXT STATUS:0/48
DATA:TXTA123456-
READ NEXT STATUS:0/48
DATA:TXTB123456-
READ NEXT STATUS:0/48
DATA:TXTC123456-
READ NEXT STATUS:0/48
DATA:TXTD123456-
READ NEXT STATUS:1/48
DATA:          -
CLOSE STATUS:0/48
