    19 DATA-FIELD                                       """"""""""""""""""""""""""""""""""""""""|
    19 DATA-FIELD                                       """"""""""""""""""""""""""""""""""""""""|
    20 DATA-FIELD                                       ABCD                                    |
    20 DATA-FIELD                                       ABCD                                    |
DEBUG
