Initial value
30303936 .
MOVE BIGFLT
38333034 .
MOVE SPACES
20202020 .
MOVE LOW-VALUES
00000000 .
MOVE HIGH-VALUES
FFFFFFFF .
MOVE QUOTE
22222222 .
MOVE ALL *
2A2A2A2A .
MOVE ALL 0
30303030 .
MOVE ALL 'A1'
41314131 .
MOVE ALL '21'
32313231 .
MOVE HIGH-VALUES TO (1:)
FFFFFFFF .
MOVE HIGH-VALUES TO BIGFLT
BIGFLT is NaN
FFFFFFFF .
MOVE QUOTE TO BIGFLT
BIGFLT is 2.1973164E-18
22222222 .
MOVE ALL * TO BIGFLT
BIGFLT is 5.4312347E+12
MOVE ALL '21' TO BIGFLT
BIGFLT is 2.1212121E+37
